bad-print months masked: 14

=== coverage: members priced at t with 12 months of history ===
2006    44%
2007    42%
2008    40%
2009    37%
2010    35%
2011    34%
2012    32%
2013    30%
2014    29%
2015    27%
2016    24%
2017    21%
2018    19%
2019    16%
2020    13%
2021    11%
2022     8%
2023     6%
2024     4%
2025     3%
2026     1%

=== benchmark check: rebuilt equal-weight vs RSP (the real one) ===
  pit  : rebuilt minus RSP +1.12%/yr (RSP charges ~0.2-0.4%/yr), tracking error 1.21%, corr 0.997
         2006-15: +1.59%/yr
         2016-21: +1.00%/yr
         2022-26: +0.25%/yr
  today: rebuilt minus RSP +5.04%/yr (RSP charges ~0.2-0.4%/yr), tracking error 2.10%, corr 0.992
         2006-15: +5.33%/yr
         2016-21: +4.90%/yr
         2022-26: +4.56%/yr

=== POINT-IN-TIME membership (primary): 12-1, top 10%, EW, monthly ===
  avg names held 39 of 386; one-way turnover 29%/month; cost 0.71%/yr
  all      gross  -1.48%/yr | net  -2.18%/yr [ -7.00,  +2.63] p=0.374 IR=-0.19 T=247
  2006-15  gross  -5.09%/yr | net  -5.80%/yr [-12.92,  +1.32] p=0.111 IR=-0.51 T=120
  2016-21  gross  -3.80%/yr | net  -4.53%/yr [-10.60,  +1.55] p=0.144 IR=-0.53 T=72
  2022-26  gross  +9.44%/yr | net  +8.77%/yr [ -2.24, +19.78] p=0.118 IR=+0.60 T=55
  positive years (net): 10 of 21: 2006:-14.5 2007:-3.3 2008:-3.9 2009:-33.3 2010:-1.5 2011:-12.6 2012:+1.1 2013:+5.4 2014:-2.5 2015:+7.1 2016:-11.0 2017:+1.1 2018:-4.3 2019:-2.0 2020:+2.2 2021:-13.1 2022:+4.5 2023:+4.3 2024:+12.9 2025:+4.1 2026:+14.4
  max drawdown of excess (net): -60.8%
  worst months (net excess): 2009-03 -19.7%, 2026-06 -13.8%, 2007-12 -9.0%, 2008-06 -8.7%, 2009-02 -8.2%

=== today's constituents (what the lead used): 12-1, top 10%, EW, monthly ===
  avg names held 46 of 452; one-way turnover 28%/month; cost 0.67%/yr
  all      gross  +4.16%/yr | net  +3.49%/yr [ -1.81,  +8.78] p=0.197 IR=+0.29 T=247
  2006-15  gross  -0.28%/yr | net  -0.97%/yr [ -8.04,  +6.11] p=0.789 IR=-0.09 T=120
  2016-21  gross  +1.37%/yr | net  +0.68%/yr [ -6.04,  +7.40] p=0.844 IR=+0.07 T=72
  2022-26  gross +17.48%/yr | net +16.88%/yr [ +3.25, +30.51] p=0.015 IR=+1.04 T=55
  positive years (net): 14 of 21: 2006:-11.5 2007:+4.7 2008:-9.9 2009:-29.5 2010:+15.4 2011:-1.0 2012:+6.4 2013:+14.8 2014:-2.0 2015:+2.9 2016:-7.2 2017:+1.9 2018:+7.4 2019:+1.4 2020:+14.9 2021:-14.3 2022:+5.2 2023:+12.5 2024:+30.9 2025:+9.6 2026:+19.1
  max drawdown of excess (net): -42.9%
  worst months (net excess): 2009-03 -14.5%, 2026-06 -13.8%, 2007-12 -8.8%, 2021-02 -7.8%, 2025-01 -6.4%

=== grid (point-in-time, net excess %/yr: all | 2006-15 | 2016-21 | 2022-26) ===
   6-1 top   5%:  -1.77%/yr [ -7.27,  +3.73] p=0.528 IR=-0.13 T=247 |  -5.60 |  -3.21 |  +8.47
   6-1 top  10%:  -1.72%/yr [ -5.80,  +2.35] p=0.407 IR=-0.17 T=247 |  -5.13 |  -1.62 |  +5.56
   6-1 top  20%:  -2.29%/yr [ -5.51,  +0.92] p=0.162 IR=-0.29 T=247 |  -4.38 |  -1.88 |  +1.70
   6-1 top  30%:  -1.76%/yr [ -4.54,  +1.03] p=0.216 IR=-0.26 T=247 |  -3.70 |  -0.49 |  +0.83
   9-1 top   5%:  +0.32%/yr [ -5.99,  +6.63] p=0.920 IR=+0.02 T=247 |  -3.49 |  -1.42 | +10.92
   9-1 top  10%:  -1.35%/yr [ -6.15,  +3.45] p=0.581 IR=-0.12 T=247 |  -4.60 |  -1.31 |  +5.69
   9-1 top  20%:  -1.87%/yr [ -5.51,  +1.77] p=0.314 IR=-0.22 T=247 |  -3.66 |  -2.38 |  +2.70
   9-1 top  30%:  -1.64%/yr [ -4.71,  +1.43] p=0.296 IR=-0.23 T=247 |  -2.93 |  -1.90 |  +1.52
  12-1 top   5%:  -0.60%/yr [ -6.70,  +5.49] p=0.846 IR=-0.04 T=247 |  -5.10 |  -4.76 | +14.64
  12-1 top  10%:  -2.18%/yr [ -7.00,  +2.63] p=0.374 IR=-0.19 T=247 |  -5.80 |  -4.53 |  +8.77  <- primary
  12-1 top  20%:  -1.62%/yr [ -5.36,  +2.13] p=0.397 IR=-0.19 T=247 |  -3.26 |  -3.30 |  +4.16
  12-1 top  30%:  -1.75%/yr [ -5.08,  +1.57] p=0.302 IR=-0.24 T=247 |  -2.78 |  -3.76 |  +3.12
  12-0 top   5%:  -1.45%/yr [ -8.48,  +5.57] p=0.685 IR=-0.09 T=247 |  -6.36 |  -7.85 | +17.64
  12-0 top  10%:  -1.43%/yr [ -6.56,  +3.71] p=0.587 IR=-0.12 T=247 |  -4.76 |  -5.84 | +11.62
  12-0 top  20%:  -1.71%/yr [ -5.62,  +2.20] p=0.392 IR=-0.19 T=247 |  -3.68 |  -4.40 |  +6.10
  12-0 top  30%:  -1.76%/yr [ -5.12,  +1.60] p=0.304 IR=-0.23 T=247 |  -2.76 |  -4.03 |  +3.38

=== secondary: top 10% minus bottom 10% (point-in-time, 12-1, net of both legs) ===
  all       -5.51%/yr [-17.50,  +6.47] p=0.367 IR=-0.21 T=247
  2006-15   -8.65%/yr [-29.59, +12.29] p=0.418 IR=-0.30 T=120
  2016-21  -11.80%/yr [-27.62,  +4.03] p=0.144 IR=-0.51 T=72
  2022-26   +9.57%/yr [ -8.46, +27.59] p=0.298 IR=+0.42 T=55
