=== plateau check: momentum rank cutoff ===
  cutoff  TRAIN n      exp |   TEST n      exp       clustered 95% CI
    0.70    41009  +0.0734 |    45571  +0.0318     [-0.0501, +0.1137]
    0.80    27784  +0.0785 |    30855  +0.0446     [-0.0409, +0.1302]
    0.85    21098  +0.0700 |    23253  +0.0438     [-0.0450, +0.1327]
    0.90    14211  +0.0653 |    15669  +0.0614     [-0.0314, +0.1542]
    0.95     7221  +0.0672 |     7923  +0.0722     [-0.0284, +0.1727]
    0.98     2968  +0.0857 |     3191  +0.1286     [+0.0095, +0.2477]

=== year by year, cutoff 0.90 ===
         n   exp_r sign
year                   
2017   930  0.4432    +
2018  3169 -0.0525    -
2019  3269  0.1653    +
2020  3451  0.1510    +
2021  3392 -0.1118    -
2022  3313 -0.1350    -
2023  3359  0.0702    +
2024  3323  0.1923    +
2025  3350  0.1585    +
2026  2324  0.0016    +

positive years: 7 of 10
pooled: n=29880  exp=+0.0633R  clustCI=[-0.0027, +0.1292]
